OP_CONSTANT 1
OP_DEFINE_GLOBAL "a"
OP_GET_GLOBAL "a"
OP_PRINT
OP_RETURN
