OP_CONSTANT 1
OP_CONSTANT 2
OP_CONSTANT 3
OP_GET_LOCAL 0
OP_GET_LOCAL 1
OP_ADD
OP_GET_LOCAL 2
OP_ADD
OP_PRINT
OP_POP
OP_POP
OP_POP
OP_RETURN
