OP_CONSTANT 1
OP_CONSTANT 1
OP_SUBTRACT
OP_PRINT
OP_CONSTANT 1
OP_CONSTANT 1
OP_SUBTRACT
OP_PRINT
OP_CONSTANT 1
OP_CONSTANT 1
OP_SUBTRACT
OP_PRINT
OP_CONSTANT 1
OP_CONSTANT 1
OP_SUBTRACT
OP_PRINT
OP_RETURN
