OP_CONSTANT 1
OP_CONSTANT 2
OP_SET_LOCAL 1
OP_POP
OP_GET_LOCAL 1
OP_GET_LOCAL 2
OP_PRINT
OP_POP
OP_GET_LOCAL 1
OP_PRINT
OP_POP
OP_RETURN
