OP_CONSTANT "hello "
OP_CONSTANT "world!"
OP_ADD
OP_RETURN
