OP_CONSTANT "hello world!"
OP_CONSTANT "hello world!"
OP_EQUAL
OP_RETURN
