OP_CONSTANT 2
OP_CONSTANT 3
OP_CONSTANT 8
OP_CONSTANT 1
OP_SUBTRACT
OP_ADD
OP_MULTIPLY
OP_RETURN
