OP_CONSTANT "a"
OP_CONSTANT "b"
OP_CONSTANT "c"
OP_GET_LOCAL 3
OP_SET_LOCAL 2
OP_SET_LOCAL 1
OP_POP
OP_GET_LOCAL 1
OP_PRINT
OP_GET_LOCAL 2
OP_PRINT
OP_GET_LOCAL 3
OP_PRINT
OP_POP
OP_POP
OP_POP
OP_RETURN
