OP_CONSTANT 20
OP_CONSTANT 3
OP_CONSTANT 4
OP_MULTIPLY
OP_SUBTRACT
OP_PRINT
OP_RETURN
