OP_FALSE
OP_JUMP_IF_FALSE 7
OP_POP
OP_CONSTANT "never happens"
OP_PRINT
OP_JUMP 4
OP_POP
OP_CONSTANT "false happens"
OP_PRINT
OP_RETURN
