OP_CONSTANT "outer"
OP_DEFINE_GLOBAL "a"
OP_CONSTANT "inner"
OP_GET_LOCAL 1
OP_PRINT
OP_POP
OP_GET_GLOBAL "a"
OP_PRINT
OP_RETURN
