OP_CONSTANT 0
OP_GET_LOCAL 0
OP_CONSTANT 3
OP_LESS
OP_JUMP_IF_FALSE 12
OP_POP
OP_GET_LOCAL 0
OP_CONSTANT 1
OP_ADD
OP_SET_LOCAL 0
OP_PRINT
OP_LOOP 20
OP_POP
OP_POP
OP_RETURN
