OP_CONSTANT 2
OP_CONSTANT 6
OP_CONSTANT 3
OP_DIVIDE
OP_ADD
OP_PRINT
OP_RETURN
