OP_TRUE
OP_JUMP_IF_FALSE 2
OP_POP
OP_TRUE
OP_PRINT
OP_RETURN
