OP_CONSTANT 5
OP_CONSTANT 3
OP_CONSTANT 1
OP_SUBTRACT
OP_SUBTRACT
OP_CONSTANT 1
OP_NEGATE
OP_ADD
OP_RETURN
