OP_CONSTANT "before"
OP_CONSTANT "var"
OP_SET_LOCAL 0
OP_GET_LOCAL 0
OP_PRINT
OP_GET_LOCAL 1
OP_PRINT
OP_POP
OP_POP
OP_RETURN
