OP_FALSE
OP_JUMP_IF_FALSE 3
OP_JUMP 2
OP_POP
OP_TRUE
OP_PRINT
OP_RETURN
