OP_CONSTANT 1
OP_DEFINE_GLOBAL "a"
OP_CONSTANT "hi"
OP_PRINT
OP_RETURN
