OP_CONSTANT 2
OP_CONSTANT 1
OP_LESS
OP_NOT
OP_RETURN
