OP_CONSTANT 2
OP_CONSTANT 6
OP_CONSTANT 2
OP_CONSTANT 2
OP_ADD
OP_SUBTRACT
OP_MULTIPLY
OP_PRINT
OP_RETURN
