OP_CONSTANT 1
OP_CONSTANT 2
OP_EQUAL
OP_NOT
OP_RETURN
