OP_CONSTANT 2
OP_CONSTANT 3
OP_CONSTANT 4
OP_MULTIPLY
OP_ADD
OP_PRINT
OP_RETURN
