OP_CONSTANT 1
OP_PRINT
OP_CONSTANT 2
OP_CONSTANT 3
OP_ADD
OP_POP
OP_CONSTANT 4
OP_PRINT
OP_RETURN
