OP_FALSE
OP_JUMP_IF_FALSE 7
OP_POP
OP_CONSTANT "hi"
OP_PRINT
OP_JUMP 1
OP_POP
OP_CONSTANT "done"
OP_PRINT
OP_RETURN
