OP_CONSTANT 1
OP_GET_LOCAL 1
OP_PRINT
OP_POP
OP_RETURN
