OP_CONSTANT 1
OP_CONSTANT 2
OP_CONSTANT 6
OP_MULTIPLY
OP_ADD
OP_RETURN
