OP_CONSTANT 1
OP_CONSTANT 2
OP_ADD
OP_CONSTANT 3
OP_MULTIPLY
OP_RETURN
