OP_CONSTANT 0
OP_GET_LOCAL 1
OP_CONSTANT 3
OP_LESS
OP_JUMP_IF_FALSE 12
OP_POP
OP_GET_LOCAL 1
OP_CONSTANT 1
OP_ADD
OP_SET_LOCAL 1
OP_PRINT
OP_LOOP 20
OP_POP
OP_POP
OP_CONSTANT 0
OP_GET_LOCAL 1
OP_CONSTANT 3
OP_LESS
OP_JUMP_IF_FALSE 15
OP_POP
OP_GET_LOCAL 1
OP_PRINT
OP_GET_LOCAL 1
OP_CONSTANT 1
OP_ADD
OP_SET_LOCAL 1
OP_POP
OP_LOOP 23
OP_POP
OP_POP
OP_FALSE
OP_JUMP_IF_FALSE 19
OP_POP
OP_TRUE
OP_JUMP_IF_FALSE 7
OP_POP
OP_CONSTANT 1
OP_POP
OP_JUMP 4
OP_POP
OP_CONSTANT 2
OP_POP
OP_LOOP 23
OP_POP
OP_FALSE
OP_JUMP_IF_FALSE 16
OP_POP
OP_TRUE
OP_JUMP_IF_FALSE 7
OP_POP
OP_CONSTANT 1
OP_POP
OP_LOOP 11
OP_POP
OP_LOOP 20
OP_POP
OP_RETURN
