OP_TRUE
OP_JUMP_IF_FALSE 4
OP_POP
OP_JUMP 1
OP_POP
OP_FALSE
OP_JUMP_IF_FALSE 4
OP_POP
OP_JUMP 1
OP_POP
OP_CONSTANT "ok"
OP_PRINT
OP_RETURN
