OP_FALSE
OP_CONSTANT 1
OP_CONSTANT 2
OP_LESS
OP_NOT
OP_EQUAL
OP_PRINT
OP_RETURN
