OP_CONSTANT 4
OP_NEGATE
OP_CONSTANT 6
OP_ADD
OP_RETURN
