OP_FALSE
OP_CONSTANT 1
OP_CONSTANT 2
OP_GREATER
OP_EQUAL
OP_PRINT
OP_RETURN
