OP_CONSTANT 1
OP_CONSTANT 2
OP_POP
OP_POP
OP_RETURN
