OP_CONSTANT "before"
OP_GET_LOCAL 1
OP_PRINT
OP_CONSTANT "after"
OP_SET_LOCAL 1
OP_POP
OP_GET_LOCAL 1
OP_PRINT
OP_CONSTANT "arg"
OP_SET_LOCAL 1
OP_PRINT
OP_GET_LOCAL 1
OP_PRINT
OP_POP
OP_RETURN
